---
source: tests/tests.rs
description: generate isa for l2norm
---
[
    (
        5,
        1,
        "(+ (cast<int32> (* (cast<int32> ?x0) (cast<int32> 128))) (cast<int32> ?x1))",
    ),
    (
        7,
        1,
        "(+ (cast<int32> (* (cast<int32> ?x0) (cast<int32> ?#3))) (cast<int32> (- (cast<int32> (- (cast<int32> ?#4) (cast<int32> ?x1))) (cast<int32> ?x2))))",
    ),
    (
        8,
        1,
        "(+ (cast<int32> (* (cast<int32> ?#2) (cast<int32> 128))) (cast<int32> (+ (cast<int32> (* (cast<int32> ?x0) (cast<int32> ?#3))) (cast<int32> ?x1))))",
    ),
    (
        13,
        1,
        "(- (cast<int32> (* (cast<int32> ?x0) (cast<int32> ?x1))) (cast<int32> ?#2))",
    ),
    (
        14,
        1,
        "(- (cast<int32> ?x0) (cast<int32> ?x1))",
    ),
    (
        15,
        1,
        "(- (cast<int32> ?x0) ?x1)",
    ),
    (
        16,
        1,
        "(- ?x0 (cast<int16> ?x1))",
    ),
    (
        19,
        1,
        "(* (cast<int32> ?x0) (cast<int32> 128))",
    ),
    (
        22,
        1,
        "(/ (cast<int32> ?x0) (cast<int32> ?x1))",
    ),
    (
        24,
        1,
        "(\"%\" (cast<int32> ?x0) (cast<int32> ?x1))",
    ),
    (
        27,
        1,
        "(get ?x0 (cast<int32> ?x1))",
    ),
    (
        30,
        1,
        "(get ?#3 (cast<int32x128> (call[ramp] (cast<int32> (+ (cast<int32> (* (cast<int32> ?x0) (cast<int32> ?x1))) (cast<int32> ?x2))) (cast<int32> 1) (cast<int32> 128))))",
    ),
    (
        0,
        2,
        "(neg (cast<int32> ?x0))",
    ),
    (
        1,
        2,
        "(+ (cast<int16> (call[rounding_mul_shift_right] (cast<int16> ?x0) (cast<int16> ?x1) (cast<uint16> 15))) (cast<int16> (+ (cast<int16> (call[rounding_mul_shift_right] (cast<int16> ?x2) (cast<int16> ?x3) (cast<uint16> 15))) (cast<int16> (call[rounding_mul_shift_right] (cast<int16> ?x4) (cast<int16> (call[rounding_mul_shift_right] (cast<int16> ?x1) (cast<int16> ?x3) (cast<uint16> 15))) (cast<uint16> 15))))))",
    ),
    (
        4,
        2,
        "(+ (cast<int16> ?x0) (cast<int16> ?x1))",
    ),
    (
        6,
        2,
        "(+ (cast<int32> (* (cast<int32> ?x0) (cast<int32> ?x1))) (cast<int32> ?x2))",
    ),
    (
        12,
        2,
        "(- (cast<int32> (- (cast<int32> ?x0) (cast<int32> ?x1))) (cast<int32> ?x2))",
    ),
    (
        20,
        2,
        "(* (cast<int32> ?x0) (cast<int32> ?x1))",
    ),
    (
        21,
        2,
        "(/ (cast<int32> ?x0) (cast<int32> 128))",
    ),
    (
        23,
        2,
        "(\"%\" (cast<int32> ?x0) (cast<int32> 128))",
    ),
    (
        25,
        2,
        "(!= (cast<int32> ?x0) (cast<int32> 0))",
    ),
    (
        29,
        2,
        "(get ?#2 (cast<int32x128> (call[ramp] (cast<int32> (+ (cast<int32> (* (cast<int32> ?x0) (cast<int32> 128))) (cast<int32> ?x1))) (cast<int32> 1) (cast<int32> 128))))",
    ),
    (
        11,
        3,
        "(- (cast<int32> 0) (cast<int32> ?x0))",
    ),
    (
        18,
        3,
        "(* (cast<int32> (call[int32] (cast<int16> ?x0))) (cast<int32> ?x1))",
    ),
    (
        26,
        5,
        "(get ?x0 (cast<int32> 0))",
    ),
    (
        9,
        11,
        "(+ (cast<int32> ?x0) (cast<int32> ?x1))",
    ),
]
