---
source: tests/common/mod.rs
description: generate isa for dilate3x3
---
[
    (
        6,
        1,
        "(+ (cast<int32> (- (cast<int32> (call[max] (cast<int32> (call[min] (cast<int32> (+ (cast<int32> ?x0) (cast<int32> ?x1))) (cast<int32> ?x2))) (cast<int32> ?x3))) (cast<int32> ?x4))) (cast<int32> ?x5))",
    ),
    (
        21,
        1,
        "(+ (cast<int32> (call[max] (cast<int32> ?x0) (cast<int32> ?x1))) (cast<int32> 1))",
    ),
    (
        24,
        1,
        "(+ (cast<int32> (call[min] (cast<int32> ?x0) (cast<int32> ?x1))) (cast<int32> ?x2))",
    ),
    (
        25,
        1,
        "(+ (cast<int32> ?x0) (cast<int32> 1))",
    ),
    (
        36,
        1,
        "(+ (cast<int32> ?x0) (cast<int32> (neg (cast<int32> 129))))",
    ),
    (
        37,
        1,
        "(+ (cast<int32> ?x0) (cast<int32> (neg (cast<int32> ?x1))))",
    ),
    (
        42,
        1,
        "(- (cast<int32> (* (cast<int32> (* (cast<int32> ?x0) (cast<int32> ?#1))) (cast<int32> 128))) (cast<int32> ?#2))",
    ),
    (
        43,
        1,
        "(- (cast<int32> (* (cast<int32> ?x0) (cast<int32> 128))) (cast<int32> ?x1))",
    ),
    (
        51,
        1,
        "(* (cast<int32> (+ (cast<int32> ?x0) (cast<int32> 1))) (cast<int32> ?x1))",
    ),
    (
        62,
        1,
        "(/ (cast<int32> (+ (cast<int32> ?x0) (cast<int32> ?x1))) (cast<int32> ?x2))",
    ),
    (
        64,
        1,
        "(/ (cast<int32> ?x0) (cast<int32> ?x1))",
    ),
    (
        71,
        1,
        "(== ?#0 ?#1)",
    ),
    (
        72,
        1,
        "(!= ?#0 ?#1)",
    ),
    (
        73,
        1,
        "(&& ?#0 ?#1)",
    ),
    (
        75,
        1,
        "(get ?x0 (cast<int32x128> (call[ramp] (cast<int32> ?x1) (cast<int32> 1) (cast<int32> 128))))",
    ),
    (
        10,
        2,
        "(+ (cast<int32> (* (cast<int32> (+ (cast<int32> ?#1) (cast<int32> ?x0))) (cast<int32> 4))) (cast<int32> 4))",
    ),
    (
        11,
        2,
        "(+ (cast<int32> (* (cast<int32> ?x0) (cast<int32> 4))) (cast<int32> ?x1))",
    ),
    (
        29,
        2,
        "(+ (cast<int32> ?x0) (cast<int32> 6))",
    ),
    (
        31,
        2,
        "(+ (cast<int32> ?x0) (cast<int32> (neg (cast<int32> 1))))",
    ),
    (
        35,
        2,
        "(+ (cast<int32> ?x0) (cast<int32> (neg (cast<int32> 128))))",
    ),
    (
        46,
        2,
        "(- (cast<int32> ?x0) (cast<int32> (call[max] (cast<int32> (call[min] (cast<int32> ?x1) (cast<int32> ?x2))) (cast<int32> ?x3))))",
    ),
    (
        50,
        2,
        "(* (cast<int32> (+ (cast<int32> (call[max] (cast<int32> (call[min] (cast<int32> ?x0) (cast<int32> ?x1))) (cast<int32> 1))) (cast<int32> (neg (cast<int32> 1))))) (cast<int32> ?#2))",
    ),
    (
        66,
        2,
        "(\"%\" (cast<int32> ?x0) (cast<int32> 128))",
    ),
    (
        69,
        2,
        "(<= (cast<int32> (+ (cast<int32> (call[max] (cast<int32> (call[min] (cast<int32> (+ (cast<int32> ?x0) (cast<int32> ?x1))) (cast<int32> ?x2))) (cast<int32> ?x3))) (cast<int32> ?x4))) (cast<int32> ?x0))",
    ),
    (
        23,
        3,
        "(+ (cast<int32> (call[min] (cast<int32> (call[max] (cast<int32> ?x0) (cast<int32> 1))) (cast<int32> (+ (cast<int32> ?x0) (cast<int32> 6))))) (cast<int32> (neg (cast<int32> 1))))",
    ),
    (
        27,
        3,
        "(+ (cast<int32> ?x0) (cast<int32> 3))",
    ),
    (
        52,
        3,
        "(* (cast<int32> (+ (cast<int32> ?x0) (cast<int32> (neg (cast<int32> 1))))) (cast<int32> ?#1))",
    ),
    (
        61,
        3,
        "(/ (cast<int32> (+ (cast<int32> ?x0) (cast<int32> 129))) (cast<int32> 128))",
    ),
    (
        63,
        3,
        "(/ (cast<int32> ?x0) (cast<int32> 128))",
    ),
    (
        0,
        4,
        "(neg (cast<int32> ?x0))",
    ),
    (
        3,
        4,
        "(+ (cast<int32> (+ (cast<int32> (* (cast<int32> ?x0) (cast<int32> ?#1))) (cast<int32> ?#2))) (cast<int32> (neg (cast<int32> 128))))",
    ),
    (
        26,
        4,
        "(+ (cast<int32> ?x0) (cast<int32> 2))",
    ),
    (
        28,
        4,
        "(+ (cast<int32> ?x0) (cast<int32> 5))",
    ),
    (
        41,
        4,
        "(- (cast<int32> (* (cast<int32> (* (cast<int32> (+ (cast<int32> ?x0) (cast<int32> 1))) (cast<int32> ?#1))) (cast<int32> 128))) (cast<int32> ?#2))",
    ),
    (
        45,
        4,
        "(- (cast<int32> ?x0) (cast<int32> (call[max] (cast<int32> (call[min] (cast<int32> ?x1) (cast<int32> 1))) (cast<int32> (neg (cast<int32> 5))))))",
    ),
    (
        58,
        4,
        "(* (cast<int32> ?x0) (cast<int32> 128))",
    ),
    (
        77,
        4,
        "(get ?#1 (cast<int32x128> (+ (cast<int32x128> (call[max] (cast<int32x128> (call[min] (cast<int32x128> (call[ramp] (cast<int32> (+ (cast<int32> ?#2) (cast<int32> (neg (cast<int32> 129))))) (cast<int32> 1) (cast<int32> 128))) (cast<int32x128> (call[x128] (cast<int32> (+ (cast<int32> ?#3) (cast<int32> (neg (cast<int32> 1))))))))) (cast<int32x128> (call[x128] (cast<int32> 0))))) (cast<int32x128> (call[x128] (cast<int32> ?x0))))))",
    ),
    (
        59,
        5,
        "(* (cast<int32> ?x0) (cast<int32> ?x1))",
    ),
    (
        32,
        6,
        "(+ (cast<int32> ?x0) (cast<int32> (neg (cast<int32> 4))))",
    ),
    (
        47,
        6,
        "(- (cast<int32> ?x0) (cast<int32> ?x1))",
    ),
    (
        54,
        6,
        "(* (cast<int32> (+ (cast<int32> ?#1) (cast<int32> ?x0))) (cast<int32> 4))",
    ),
    (
        14,
        8,
        "(+ (cast<int32> (* (cast<int32> ?x0) (cast<int32> 128))) (cast<int32> ?x1))",
    ),
    (
        15,
        10,
        "(+ (cast<int32> (* (cast<int32> ?x0) (cast<int32> ?x1))) (cast<int32> ?x2))",
    ),
    (
        78,
        12,
        "(get ?#1 (cast<int32x128> (call[ramp] (cast<int32> (+ (cast<int32> (* (cast<int32> ?x0) (cast<int32> 128))) (cast<int32> 1))) (cast<int32> 1) (cast<int32> 128))))",
    ),
    (
        79,
        12,
        "(get ?#1 (cast<int32x128> (call[ramp] (cast<int32> (+ (cast<int32> (* (cast<int32> ?x0) (cast<int32> 128))) (cast<int32> 2))) (cast<int32> 1) (cast<int32> 128))))",
    ),
    (
        81,
        12,
        "(get ?#1 (cast<int32x128> (call[ramp] (cast<int32> (+ (cast<int32> ?x0) (cast<int32> (neg (cast<int32> 126))))) (cast<int32> 1) (cast<int32> 128))))",
    ),
    (
        82,
        12,
        "(get ?#1 (cast<int32x128> (call[ramp] (cast<int32> (+ (cast<int32> ?x0) (cast<int32> (neg (cast<int32> 127))))) (cast<int32> 1) (cast<int32> 128))))",
    ),
    (
        83,
        12,
        "(get ?#1 (cast<int32x128> (call[ramp] (cast<int32> (+ (cast<int32> ?x0) (cast<int32> (neg (cast<int32> 128))))) (cast<int32> 1) (cast<int32> 128))))",
    ),
    (
        85,
        12,
        "(get ?#1 (cast<int32x128> (call[ramp] (cast<int32> (* (cast<int32> ?x0) (cast<int32> 128))) (cast<int32> 1) (cast<int32> 128))))",
    ),
    (
        38,
        26,
        "(+ (cast<int32> ?x0) (cast<int32> ?x1))",
    ),
]
