---
source: tests/common/mod.rs
description: generate isa for median3x3
---
[
    (
        0,
        1,
        "(neg (cast<int32> ?x0))",
    ),
    (
        14,
        1,
        "(+ (cast<int32> (* (cast<int32> (+ (cast<int32> ?#1) (cast<int32> ?x0))) (cast<int32> 4))) (cast<int32> 4))",
    ),
    (
        19,
        1,
        "(+ (cast<int32> (* (cast<int32> (* (cast<int32> (- (cast<int32> (call[max] (cast<int32> (call[min] (cast<int32> (+ (cast<int32> ?x0) (cast<int32> 2))) (cast<int32> ?#2))) (cast<int32> 1))) (cast<int32> ?x1))) (cast<int32> ?#3))) (cast<int32> 128))) (cast<int32> ?#4))",
    ),
    (
        30,
        1,
        "(+ (cast<int32> (call[max] (cast<int32> (call[min] (cast<int32> ?x0) (cast<int32> ?x1))) (cast<int32> ?x2))) (cast<int32> (neg (cast<int32> ?x3))))",
    ),
    (
        35,
        1,
        "(+ (cast<int32> (call[min] (cast<int32> ?x0) (cast<int32> ?x1))) (cast<int32> ?x2))",
    ),
    (
        39,
        1,
        "(+ (cast<int32> ?x0) (cast<int32> 4))",
    ),
    (
        41,
        1,
        "(+ (cast<int32> ?x0) (cast<int32> 129))",
    ),
    (
        42,
        1,
        "(+ (cast<int32> ?x0) (cast<int32> (neg (cast<int32> 1))))",
    ),
    (
        47,
        1,
        "(+ (cast<int32> ?x0) (cast<int32> (neg (cast<int32> 129))))",
    ),
    (
        48,
        1,
        "(+ (cast<int32> ?x0) (cast<int32> (neg (cast<int32> ?x1))))",
    ),
    (
        55,
        1,
        "(- (cast<int32> (call[max] (cast<int32> (call[min] (cast<int32> (+ (cast<int32> (call[min] (cast<int32> ?x0) (cast<int32> ?x1))) (cast<int32> ?x2))) (cast<int32> ?#5))) (cast<int32> 1))) (cast<int32> (call[min] (cast<int32> (call[max] (cast<int32> ?x3) (cast<int32> 0))) (cast<int32> (+ (cast<int32> (call[max] (cast<int32> ?x4) (cast<int32> 1))) (cast<int32> (neg (cast<int32> 1))))))))",
    ),
    (
        66,
        1,
        "(- (cast<int32> ?x0) (cast<int32> (call[min] (cast<int32> (call[max] (cast<int32> ?x1) (cast<int32> 0))) (cast<int32> (+ (cast<int32> (call[max] (cast<int32> ?x2) (cast<int32> 1))) (cast<int32> (neg (cast<int32> 1))))))))",
    ),
    (
        75,
        1,
        "(* (cast<int32> (+ (cast<int32> ?x0) (cast<int32> 1))) (cast<int32> ?x1))",
    ),
    (
        102,
        1,
        "(== ?#0 ?#1)",
    ),
    (
        103,
        1,
        "(!= ?#0 ?#1)",
    ),
    (
        104,
        1,
        "(&& ?#0 ?#1)",
    ),
    (
        106,
        1,
        "(get ?x0 (cast<int32x128> (call[ramp] (cast<int32> ?x1) (cast<int32> 1) (cast<int32> 128))))",
    ),
    (
        20,
        2,
        "(+ (cast<int32> (* (cast<int32> (* (cast<int32> (- (cast<int32> (call[max] (cast<int32> (call[min] (cast<int32> (+ (cast<int32> ?x0) (cast<int32> 3))) (cast<int32> ?#2))) (cast<int32> 1))) (cast<int32> ?x1))) (cast<int32> ?#3))) (cast<int32> 128))) (cast<int32> ?#4))",
    ),
    (
        31,
        2,
        "(+ (cast<int32> (call[max] (cast<int32> ?x0) (cast<int32> 1))) (cast<int32> (neg (cast<int32> 1))))",
    ),
    (
        36,
        2,
        "(+ (cast<int32> ?x0) (cast<int32> 1))",
    ),
    (
        46,
        2,
        "(+ (cast<int32> ?x0) (cast<int32> (neg (cast<int32> 128))))",
    ),
    (
        53,
        2,
        "(- (cast<int32> (call[max] (cast<int32> (call[min] (cast<int32> (+ (cast<int32> (* (cast<int32> (+ (cast<int32> ?#1) (cast<int32> ?#2))) (cast<int32> 4))) (cast<int32> 4))) (cast<int32> ?#3))) (cast<int32> 1))) (cast<int32> ?x0))",
    ),
    (
        56,
        2,
        "(- (cast<int32> (call[max] (cast<int32> (call[min] (cast<int32> (+ (cast<int32> ?x0) (cast<int32> 1))) (cast<int32> ?#2))) (cast<int32> 1))) (cast<int32> ?x1))",
    ),
    (
        59,
        2,
        "(- (cast<int32> (call[max] (cast<int32> (call[min] (cast<int32> (+ (cast<int32> ?x0) (cast<int32> 5))) (cast<int32> ?#2))) (cast<int32> 1))) (cast<int32> ?x1))",
    ),
    (
        62,
        2,
        "(- (cast<int32> (call[max] (cast<int32> ?x0) (cast<int32> 1))) (cast<int32> (call[max] (cast<int32> ?x1) (cast<int32> 0))))",
    ),
    (
        72,
        2,
        "(* (cast<int32> (+ (cast<int32> (- (cast<int32> ?x0) (cast<int32> ?x1))) (cast<int32> (neg (cast<int32> 1))))) (cast<int32> ?x2))",
    ),
    (
        73,
        2,
        "(* (cast<int32> (+ (cast<int32> (call[max] (cast<int32> (- (cast<int32> (call[max] (cast<int32> ?x0) (cast<int32> 0))) (cast<int32> (call[max] (cast<int32> ?x1) (cast<int32> 1))))) (cast<int32> (neg (cast<int32> 1))))) (cast<int32> 1))) (cast<int32> ?x2))",
    ),
    (
        95,
        2,
        "(/ (cast<int32> ?x0) (cast<int32> ?x1))",
    ),
    (
        97,
        2,
        "(\"%\" (cast<int32> ?x0) (cast<int32> 128))",
    ),
    (
        100,
        2,
        "(<= (cast<int32> ?x0) (cast<int32> ?x1))",
    ),
    (
        108,
        2,
        "(get ?#1 (cast<int32x128> (+ (cast<int32x128> (call[max] (cast<int32x128> (call[min] (cast<int32x128> (call[ramp] (cast<int32> (+ (cast<int32> ?#2) (cast<int32> (neg (cast<int32> 129))))) (cast<int32> 1) (cast<int32> 128))) (cast<int32x128> (call[x128] (cast<int32> (+ (cast<int32> ?#3) (cast<int32> (neg (cast<int32> 1))))))))) (cast<int32x128> (call[x128] (cast<int32> 0))))) (cast<int32x128> (call[x128] (cast<int32> ?x0))))))",
    ),
    (
        54,
        3,
        "(- (cast<int32> (call[max] (cast<int32> (call[min] (cast<int32> (+ (cast<int32> (call[min] (cast<int32> (+ (cast<int32> ?x0) (cast<int32> 4))) (cast<int32> ?#5))) (cast<int32> 1))) (cast<int32> ?#6))) (cast<int32> 1))) (cast<int32> (call[min] (cast<int32> (call[max] (cast<int32> (call[min] (cast<int32> ?x1) (cast<int32> ?x2))) (cast<int32> 0))) (cast<int32> (+ (cast<int32> (call[max] (cast<int32> (call[min] (cast<int32> ?x3) (cast<int32> ?x4))) (cast<int32> 1))) (cast<int32> (neg (cast<int32> 1))))))))",
    ),
    (
        69,
        3,
        "(* (cast<int32> (+ (cast<int32> (- (cast<int32> (call[max] (cast<int32> (call[min] (cast<int32> (+ (cast<int32> ?x0) (cast<int32> 2))) (cast<int32> ?#3))) (cast<int32> 1))) (cast<int32> ?x1))) (cast<int32> (neg (cast<int32> 1))))) (cast<int32> ?x2))",
    ),
    (
        89,
        3,
        "(* (cast<int32> ?x0) (cast<int32> 128))",
    ),
    (
        92,
        3,
        "(/ (cast<int32> (+ (cast<int32> ?x0) (cast<int32> 129))) (cast<int32> 128))",
    ),
    (
        94,
        3,
        "(/ (cast<int32> ?x0) (cast<int32> 128))",
    ),
    (
        3,
        4,
        "(+ (cast<int32> (+ (cast<int32> (* (cast<int32> ?x0) (cast<int32> ?#1))) (cast<int32> ?#2))) (cast<int32> (neg (cast<int32> 128))))",
    ),
    (
        29,
        4,
        "(+ (cast<int32> (call[max] (cast<int32> (call[min] (cast<int32> ?x0) (cast<int32> ?x1))) (cast<int32> 1))) (cast<int32> (neg (cast<int32> 1))))",
    ),
    (
        37,
        4,
        "(+ (cast<int32> ?x0) (cast<int32> 2))",
    ),
    (
        38,
        4,
        "(+ (cast<int32> ?x0) (cast<int32> 3))",
    ),
    (
        52,
        4,
        "(- (cast<int32> (* (cast<int32> ?x0) (cast<int32> 128))) (cast<int32> ?x1))",
    ),
    (
        70,
        4,
        "(* (cast<int32> (+ (cast<int32> (- (cast<int32> (call[max] (cast<int32> (call[min] (cast<int32> (+ (cast<int32> ?x0) (cast<int32> 3))) (cast<int32> ?#3))) (cast<int32> 1))) (cast<int32> ?x1))) (cast<int32> (neg (cast<int32> 1))))) (cast<int32> ?x2))",
    ),
    (
        76,
        4,
        "(* (cast<int32> (+ (cast<int32> ?x0) (cast<int32> (neg (cast<int32> 1))))) (cast<int32> ?x1))",
    ),
    (
        22,
        5,
        "(+ (cast<int32> (* (cast<int32> (* (cast<int32> ?x0) (cast<int32> ?#1))) (cast<int32> 128))) (cast<int32> ?#2))",
    ),
    (
        67,
        5,
        "(- (cast<int32> ?x0) (cast<int32> ?x1))",
    ),
    (
        25,
        10,
        "(+ (cast<int32> (* (cast<int32> ?x0) (cast<int32> 128))) (cast<int32> ?x1))",
    ),
    (
        90,
        12,
        "(* (cast<int32> ?x0) (cast<int32> ?x1))",
    ),
    (
        112,
        12,
        "(get ?#1 (cast<int32x128> (call[ramp] (cast<int32> (+ (cast<int32> (* (cast<int32> ?x0) (cast<int32> 128))) (cast<int32> 1))) (cast<int32> 1) (cast<int32> 128))))",
    ),
    (
        113,
        12,
        "(get ?#1 (cast<int32x128> (call[ramp] (cast<int32> (+ (cast<int32> (* (cast<int32> ?x0) (cast<int32> 128))) (cast<int32> 2))) (cast<int32> 1) (cast<int32> 128))))",
    ),
    (
        115,
        12,
        "(get ?#1 (cast<int32x128> (call[ramp] (cast<int32> (+ (cast<int32> ?x0) (cast<int32> (neg (cast<int32> 126))))) (cast<int32> 1) (cast<int32> 128))))",
    ),
    (
        116,
        12,
        "(get ?#1 (cast<int32x128> (call[ramp] (cast<int32> (+ (cast<int32> ?x0) (cast<int32> (neg (cast<int32> 127))))) (cast<int32> 1) (cast<int32> 128))))",
    ),
    (
        117,
        12,
        "(get ?#1 (cast<int32x128> (call[ramp] (cast<int32> (+ (cast<int32> ?x0) (cast<int32> (neg (cast<int32> 128))))) (cast<int32> 1) (cast<int32> 128))))",
    ),
    (
        120,
        12,
        "(get ?#1 (cast<int32x128> (call[ramp] (cast<int32> (* (cast<int32> ?x0) (cast<int32> 128))) (cast<int32> 1) (cast<int32> 128))))",
    ),
    (
        43,
        16,
        "(+ (cast<int32> ?x0) (cast<int32> (neg (cast<int32> 4))))",
    ),
    (
        79,
        22,
        "(* (cast<int32> (+ (cast<int32> ?#1) (cast<int32> ?x0))) (cast<int32> 4))",
    ),
    (
        49,
        33,
        "(+ (cast<int32> ?x0) (cast<int32> ?x1))",
    ),
]
