---
source: tests/common/mod.rs
description: generate isa for camera_pipe
---
(
    BestIsa {
      2: (neg ?x0)
      306: (+ ?x0 ?x1)
      356: (- ?x0 ?x1)
      492: (* ?x0 ?x1)
      507: (/ ?x0 ?x1)
      519: (% ?x0 ?x1)
      524: (< ?x0 ?x1)
      526: (<= ?x0 (cast<unknown> ?x1))
      528: (== (cast<int32> ?#0) (cast<int32> ?#1))
      529: (&& (cast<bool> ?#0) (cast<bool> ?#1))
      530: (:: ?#0 ?#1)
      555: (get ?x0 ?x1)
    }
    ,
    [
        (
            i528,
            1,
            "(== (cast<int32> ?#0) (cast<int32> ?#1))",
        ),
        (
            i529,
            1,
            "(&& (cast<bool> ?#0) (cast<bool> ?#1))",
        ),
        (
            i530,
            2,
            "(:: ?#0 ?#1)",
        ),
        (
            i526,
            5,
            "(<= ?x0 (cast<unknown> ?x1))",
        ),
        (
            i524,
            7,
            "(< ?x0 ?x1)",
        ),
        (
            i2,
            46,
            "(neg ?x0)",
        ),
        (
            i356,
            80,
            "(- ?x0 ?x1)",
        ),
        (
            i519,
            99,
            "(\"%\" ?x0 ?x1)",
        ),
        (
            i555,
            191,
            "(get ?x0 ?x1)",
        ),
        (
            i507,
            385,
            "(/ ?x0 ?x1)",
        ),
        (
            i492,
            627,
            "(* ?x0 ?x1)",
        ),
        (
            i306,
            786,
            "(+ ?x0 ?x1)",
        ),
    ],
)
