---
source: tests/common/mod.rs
description: generate isa for conv3x3a16
---
(
    MinimalIsa {
      0: (neg (cast<int32> ?x0))
      159: (+ ?x0 ?x1)
      165: (- ?x0 ?x1)
      187: (* ?x0 ?x1)
      195: (/ ?x0 (cast<int32> ?x1))
      197: (<= ?x0 (cast<int32> ?x1))
      199: (== (cast<int32> ?#0) (cast<int32> ?#1))
      200: (&& (cast<bool> ?#0) (cast<bool> ?#1))
      201: (:: ?#0 ?#1)
      204: (get ?x0 ?x1)
    }
    ,
    [
        (
            i199,
            1,
            "(== (cast<int32> ?#0) (cast<int32> ?#1))",
        ),
        (
            i200,
            1,
            "(&& (cast<bool> ?#0) (cast<bool> ?#1))",
        ),
        (
            i201,
            2,
            "(:: ?#0 ?#1)",
        ),
        (
            i197,
            4,
            "(<= ?x0 (cast<int32> ?x1))",
        ),
        (
            i165,
            9,
            "(- ?x0 ?x1)",
        ),
        (
            i0,
            29,
            "(neg (cast<int32> ?x0))",
        ),
        (
            i195,
            42,
            "(/ ?x0 (cast<int32> ?x1))",
        ),
        (
            i204,
            77,
            "(get ?x0 ?x1)",
        ),
        (
            i187,
            118,
            "(* ?x0 ?x1)",
        ),
        (
            i159,
            236,
            "(+ ?x0 ?x1)",
        ),
    ],
)
