---
source: tests/common/mod.rs
description: generate isa for depthwise_conv
---
(
    MinimalIsa {
      0: (neg (cast<int32> ?x0))
      697: (+ ?x0 ?x1)
      773: (- ?x0 ?x1)
      976: (* (cast<int32> ?x0) (cast<int32> ?x1))
      982: (/ ?x0 ?x1)
      986: (< (cast<int32> ?x0) (cast<int32> ?x1))
      991: (<= ?x0 ?x1)
      994: (== (cast<int32> ?x0) (cast<int32> ?x1))
      995: (&& (cast<bool> ?x0) (cast<bool> ?x1))
      996: (||
             (cast<bool> (<= (cast<int32> 8) (cast<int32> ?x0)))
             (cast<bool>
               (== (cast<int32> (% (cast<int32> ?x0) (cast<int32> 2))) (cast<int32> 0))))
      1012: (get ?x0 ?x1)
      1013: (get ?x0 ?x1 (cast<bool> (<= ?x2 ?x3)))
    }
    ,
    [
        (
            i996,
            2,
            "(|| (cast<bool> (<= (cast<int32> 8) (cast<int32> ?x0))) (cast<bool> (== (cast<int32> (\"%\" (cast<int32> ?x0) (cast<int32> 2))) (cast<int32> 0))))",
        ),
        (
            i982,
            7,
            "(/ ?x0 ?x1)",
        ),
        (
            i1013,
            9,
            "(get ?x0 ?x1 (cast<bool> (<= ?x2 ?x3)))",
        ),
        (
            i991,
            12,
            "(<= ?x0 ?x1)",
        ),
        (
            i1012,
            208,
            "(get ?x0 ?x1)",
        ),
        (
            i773,
            225,
            "(- ?x0 ?x1)",
        ),
        (
            i995,
            321,
            "(&& (cast<bool> ?x0) (cast<bool> ?x1))",
        ),
        (
            i994,
            641,
            "(== (cast<int32> ?x0) (cast<int32> ?x1))",
        ),
        (
            i986,
            1153,
            "(< (cast<int32> ?x0) (cast<int32> ?x1))",
        ),
        (
            i0,
            1607,
            "(neg (cast<int32> ?x0))",
        ),
        (
            i976,
            1973,
            "(* (cast<int32> ?x0) (cast<int32> ?x1))",
        ),
        (
            i697,
            3378,
            "(+ ?x0 ?x1)",
        ),
    ],
)
