---
source: tests/common/mod.rs
description: generate isa for dilate3x3
---
(
    BestIsa {
      0: (neg (cast<int32> ?x0))
      174: (+ ?x0 ?x1)
      188: (- (cast<int32> ?x0) (cast<int32> ?x1))
      208: (* (cast<int32> ?x0) (cast<int32> ?x1))
      217: (/ (cast<int32> ?x0) (cast<int32> ?x1))
      219: (% (cast<int32> ?x0) (cast<int32> 128))
      222: (<=
             (cast<int32>
               (+
                 (cast<int32>
                   (call[max]
                     (cast<int32>
                       (call[min]
                         (cast<int32> (+ (cast<int32> ?x0) (cast<int32> ?x1)))
                         (cast<int32> ?x2)))
                     (cast<int32> ?x3)))
                 (cast<int32> ?x4)))
             (cast<int32> ?x0))
      224: (== (cast<int32> ?#0) (cast<int32> ?#1))
      225: (!= (cast<int32> (% (cast<int32> ?x0) (cast<int32> 128))) (cast<int32> 0))
      227: (&& (cast<bool> ?#0) (cast<bool> ?#1))
      228: (:: ?#0 ?#1)
      233: (get ?x0 (cast<int32x128> ?x1))
    }
    ,
    [
        (
            i224,
            1,
            "(== (cast<int32> ?#0) (cast<int32> ?#1))",
        ),
        (
            i227,
            1,
            "(&& (cast<bool> ?#0) (cast<bool> ?#1))",
        ),
        (
            i228,
            2,
            "(:: ?#0 ?#1)",
        ),
        (
            i225,
            3,
            "(!= (cast<int32> (\"%\" (cast<int32> ?x0) (cast<int32> 128))) (cast<int32> 0))",
        ),
        (
            i219,
            4,
            "(\"%\" (cast<int32> ?x0) (cast<int32> 128))",
        ),
        (
            i222,
            4,
            "(<= (cast<int32> (+ (cast<int32> (call[max] (cast<int32> (call[min] (cast<int32> (+ (cast<int32> ?x0) (cast<int32> ?x1))) (cast<int32> ?x2))) (cast<int32> ?x3))) (cast<int32> ?x4))) (cast<int32> ?x0))",
        ),
        (
            i188,
            37,
            "(- (cast<int32> ?x0) (cast<int32> ?x1))",
        ),
        (
            i233,
            77,
            "(get ?x0 (cast<int32x128> ?x1))",
        ),
        (
            i0,
            115,
            "(neg (cast<int32> ?x0))",
        ),
        (
            i217,
            150,
            "(/ (cast<int32> ?x0) (cast<int32> ?x1))",
        ),
        (
            i208,
            213,
            "(* (cast<int32> ?x0) (cast<int32> ?x1))",
        ),
        (
            i174,
            453,
            "(+ ?x0 ?x1)",
        ),
    ],
)
