---
source: tests/common/mod.rs
description: generate isa for median3x3
---
(
    MinimalIsa {
      0: (neg (cast<int32> ?x0))
      77: (+ ?x0 ?x1)
      98: (- (cast<int32> ?x0) (cast<int32> ?x1))
      128: (* (cast<int32> ?x0) (cast<int32> ?x1))
      137: (/ (cast<int32> ?x0) (cast<int32> ?x1))
      139: (% (cast<int32> ?x0) (cast<int32> 128))
      142: (<= (cast<int32> ?x0) (cast<int32> ?x1))
      144: (== (cast<int32> ?#0) (cast<int32> ?#1))
      145: (!= (cast<int32> (% (cast<int32> ?x0) (cast<int32> 128))) (cast<int32> 0))
      147: (&& (cast<bool> ?#0) (cast<bool> ?#1))
      148: (:: ?#0 ?#1)
      151: (get ?x0 (cast<int32x128> ?x1))
    }
    ,
    [
        (
            i144,
            1,
            "(== (cast<int32> ?#0) (cast<int32> ?#1))",
        ),
        (
            i147,
            1,
            "(&& (cast<bool> ?#0) (cast<bool> ?#1))",
        ),
        (
            i148,
            2,
            "(:: ?#0 ?#1)",
        ),
        (
            i145,
            3,
            "(!= (cast<int32> (\"%\" (cast<int32> ?x0) (cast<int32> 128))) (cast<int32> 0))",
        ),
        (
            i139,
            4,
            "(\"%\" (cast<int32> ?x0) (cast<int32> 128))",
        ),
        (
            i142,
            4,
            "(<= (cast<int32> ?x0) (cast<int32> ?x1))",
        ),
        (
            i98,
            54,
            "(- (cast<int32> ?x0) (cast<int32> ?x1))",
        ),
        (
            i137,
            71,
            "(/ (cast<int32> ?x0) (cast<int32> ?x1))",
        ),
        (
            i151,
            75,
            "(get ?x0 (cast<int32x128> ?x1))",
        ),
        (
            i0,
            115,
            "(neg (cast<int32> ?x0))",
        ),
        (
            i128,
            147,
            "(* (cast<int32> ?x0) (cast<int32> ?x1))",
        ),
        (
            i77,
            340,
            "(+ ?x0 ?x1)",
        ),
    ],
)
