---
source: tests/common/mod.rs
description: generate isa for gaussian5x5
---
(
    BestIsa {
      0: (neg (cast<int32> ?x0))
      100: (+ ?x0 ?x1)
      106: (- ?x0 ?x1)
      133: (* ?x0 ?x1)
      141: (/ ?x0 (cast<int32> ?x1))
      143: (<= ?x0 (cast<int32> ?x1))
      145: (== (cast<int32> ?#0) (cast<int32> ?#1))
      146: (&& (cast<bool> ?#0) (cast<bool> ?#1))
      147: (:: ?#0 ?#1)
      155: (get ?x0 ?x1)
    }
    ,
    [
        (
            i145,
            1,
            "(== (cast<int32> ?#0) (cast<int32> ?#1))",
        ),
        (
            i146,
            1,
            "(&& (cast<bool> ?#0) (cast<bool> ?#1))",
        ),
        (
            i147,
            2,
            "(:: ?#0 ?#1)",
        ),
        (
            i143,
            4,
            "(<= ?x0 (cast<int32> ?x1))",
        ),
        (
            i106,
            9,
            "(- ?x0 ?x1)",
        ),
        (
            i0,
            29,
            "(neg (cast<int32> ?x0))",
        ),
        (
            i155,
            45,
            "(get ?x0 ?x1)",
        ),
        (
            i141,
            57,
            "(/ ?x0 (cast<int32> ?x1))",
        ),
        (
            i133,
            138,
            "(* ?x0 ?x1)",
        ),
        (
            i100,
            265,
            "(+ ?x0 ?x1)",
        ),
    ],
)
