---
source: tests/common/mod.rs
description: generate isa for average_pool
---
(
    BestIsa {
      0: (neg (cast<int32> ?x0))
      33: (+ ?x0 ?x1)
      45: (- (cast<int32> ?x0) (cast<int32> ?x1))
      48: (* (cast<int32> ?x0) (cast<int32> ?x1))
      50: (/ (cast<int32> (+ (cast<int32> ?x0) (cast<int32> ?x1))) (cast<int32> ?x2))
      52: (<= (cast<int32> ?x0) (cast<int32> ?#1))
      59: (get ?x0 ?x1)
    }
    ,
    [
        (
            i52,
            3,
            "(<= (cast<int32> ?x0) (cast<int32> ?#1))",
        ),
        (
            i0,
            6,
            "(neg (cast<int32> ?x0))",
        ),
        (
            i50,
            7,
            "(/ (cast<int32> (+ (cast<int32> ?x0) (cast<int32> ?x1))) (cast<int32> ?x2))",
        ),
        (
            i59,
            12,
            "(get ?x0 ?x1)",
        ),
        (
            i45,
            88,
            "(- (cast<int32> ?x0) (cast<int32> ?x1))",
        ),
        (
            i48,
            138,
            "(* (cast<int32> ?x0) (cast<int32> ?x1))",
        ),
        (
            i33,
            183,
            "(+ ?x0 ?x1)",
        ),
    ],
)
