---
source: tests/common/mod.rs
description: generate isa for l2norm
---
(
    BestIsa {
      0: (neg (cast<int32> ?x0))
      18: (+ ?x0 ?x1)
      28: (- ?x0 ?x1)
      34: (* (cast<int32> ?x0) (cast<int32> ?x1))
      37: (/ (cast<int32> ?x0) (cast<int32> ?x1))
      39: (% (cast<int32> ?x0) (cast<int32> ?x1))
      40: (<= ?#0 ?#1)
      41: (!= (cast<int32> (% (cast<int32> ?x0) (cast<int32> 128))) (cast<int32> 0))
      46: (get ?x0 ?x1)
      47: (get ?#0 ?#1 ?#2)
    }
    ,
    [
        (
            i47,
            1,
            "(get ?#0 ?#1 ?#2)",
        ),
        (
            i40,
            2,
            "(<= ?#0 ?#1)",
        ),
        (
            i41,
            2,
            "(!= (cast<int32> (\"%\" (cast<int32> ?x0) (cast<int32> 128))) (cast<int32> 0))",
        ),
        (
            i39,
            7,
            "(\"%\" (cast<int32> ?x0) (cast<int32> ?x1))",
        ),
        (
            i37,
            10,
            "(/ (cast<int32> ?x0) (cast<int32> ?x1))",
        ),
        (
            i28,
            29,
            "(- ?x0 ?x1)",
        ),
        (
            i34,
            36,
            "(* (cast<int32> ?x0) (cast<int32> ?x1))",
        ),
        (
            i0,
            56,
            "(neg (cast<int32> ?x0))",
        ),
        (
            i18,
            106,
            "(+ ?x0 ?x1)",
        ),
        (
            i46,
            113,
            "(get ?x0 ?x1)",
        ),
    ],
)
