---
source: tests/common/mod.rs
description: generate isa for add
---
(
    MinimalIsa {
      16: (+ ?x0 ?x1)
      27: (- ?x0 ?x1)
      33: (* ?x0 ?x1)
      34: (/ (cast<int32> ?#0) (cast<int32> ?#1))
      35: (% (cast<int32> ?#0) (cast<int32> ?#1))
      36: (<= ?x0 ?x1)
      37: (== (cast<int32> ?#0) (cast<int32> ?#1))
      38: (!= (cast<int32> ?#0) (cast<int32> ?#1))
      40: (get
            ?x0
            (cast<int32x128>
              (call[ramp]
                (cast<int32>
                  (+
                    (cast<int32>
                      (* (cast<int32> ?x1) (cast<int32> (+ (cast<int32> ?#7) (cast<int32> ?#8)))))
                    (cast<int32>
                      (-
                        (cast<int32>
                          (-
                            (cast<int32>
                              (+
                                (cast<int32>
                                  (* (cast<int32> (/ (cast<int32> ?#9) (cast<int32> 128))) (cast<int32> 128)))
                                (cast<int32> ?#10)))
                            (cast<int32> (* (cast<int32> ?x2) (cast<int32> ?x1)))))
                        (cast<int32> ?x3)))))
                (cast<int32> 1)
                (cast<int32> 128)))
            (cast<bool> (<= ?x4 ?x5)))
      43: (get ?x0 ?x1)
    }
    ,
    [
        (
            i35,
            2,
            "(\"%\" (cast<int32> ?#0) (cast<int32> ?#1))",
        ),
        (
            i36,
            2,
            "(<= ?x0 ?x1)",
        ),
        (
            i37,
            2,
            "(== (cast<int32> ?#0) (cast<int32> ?#1))",
        ),
        (
            i38,
            2,
            "(!= (cast<int32> ?#0) (cast<int32> ?#1))",
        ),
        (
            i40,
            3,
            "(get ?x0 (cast<int32x128> (call[ramp] (cast<int32> (+ (cast<int32> (* (cast<int32> ?x1) (cast<int32> (+ (cast<int32> ?#7) (cast<int32> ?#8))))) (cast<int32> (- (cast<int32> (- (cast<int32> (+ (cast<int32> (* (cast<int32> (/ (cast<int32> ?#9) (cast<int32> 128))) (cast<int32> 128))) (cast<int32> ?#10))) (cast<int32> (* (cast<int32> ?x2) (cast<int32> ?x1))))) (cast<int32> ?x3))))) (cast<int32> 1) (cast<int32> 128))) (cast<bool> (<= ?x4 ?x5)))",
        ),
        (
            i43,
            5,
            "(get ?x0 ?x1)",
        ),
        (
            i34,
            9,
            "(/ (cast<int32> ?#0) (cast<int32> ?#1))",
        ),
        (
            i27,
            22,
            "(- ?x0 ?x1)",
        ),
        (
            i33,
            36,
            "(* ?x0 ?x1)",
        ),
        (
            i16,
            42,
            "(+ ?x0 ?x1)",
        ),
    ],
)
