---
source: tests/common/mod.rs
description: generate isa for gaussian3x3
---
(
    MinimalIsa {
      0: (neg (cast<int32> ?#0))
      64: (+ ?x0 ?x1)
      69: (- (cast<int32> ?x0) (cast<int32> ?x1))
      77: (* (cast<int32> ?x0) (cast<int32> ?x1))
      79: (/ (cast<int32> (+ (cast<int32> ?x0) (cast<int32> ?x1))) (cast<int32> ?x2))
      112: (get
             ?#1
             (cast<int32x128>
               (call[ramp] (cast<int32> ?x0) (cast<int32> 1) (cast<int32> 128))))
    }
    ,
    [
        (
            i79,
            3,
            "(/ (cast<int32> (+ (cast<int32> ?x0) (cast<int32> ?x1))) (cast<int32> ?x2))",
        ),
        (
            i0,
            13,
            "(neg (cast<int32> ?#0))",
        ),
        (
            i112,
            36,
            "(get ?#1 (cast<int32x128> (call[ramp] (cast<int32> ?x0) (cast<int32> 1) (cast<int32> 128))))",
        ),
        (
            i69,
            50,
            "(- (cast<int32> ?x0) (cast<int32> ?x1))",
        ),
        (
            i77,
            160,
            "(* (cast<int32> ?x0) (cast<int32> ?x1))",
        ),
        (
            i64,
            161,
            "(+ ?x0 ?x1)",
        ),
    ],
)
