---
source: tests/common/mod.rs
description: generate isa for blur3x3
---
(
    BestIsa {
      0: (neg (cast<int32> ?x0))
      62: (+ ?x0 ?x1)
      63: (- (cast<int32> ?#0) (cast<int32> ?#1))
      75: (* (cast<int32> ?x0) (cast<int32> ?x1))
      85: (/ ?x0 ?x1)
      92: (% (cast<int32> ?x0) (cast<int32> ?x1))
      98: (<= (cast<int32> ?x0) ?x1)
      100: (== (cast<int32> ?#0) (cast<int32> ?#1))
      102: (!= (cast<int32> (% (cast<int32> ?x0) (cast<int32> 64))) (cast<int32> 0))
      108: (&& (cast<bool> ?x0) (cast<bool> ?x1))
      109: (:: ?#0 ?#1)
      112: (get
             ?x0
             (cast<int32x64>
               (call[ramp]
                 (cast<int32> (+ (cast<int32> ?x1) (cast<int32> ?x2)))
                 (cast<int32> 1)
                 (cast<int32> 64))))
    }
    ,
    [
        (
            i63,
            1,
            "(- (cast<int32> ?#0) (cast<int32> ?#1))",
        ),
        (
            i100,
            1,
            "(== (cast<int32> ?#0) (cast<int32> ?#1))",
        ),
        (
            i109,
            2,
            "(:: ?#0 ?#1)",
        ),
        (
            i108,
            5,
            "(&& (cast<bool> ?x0) (cast<bool> ?x1))",
        ),
        (
            i102,
            6,
            "(!= (cast<int32> (\"%\" (cast<int32> ?x0) (cast<int32> 64))) (cast<int32> 0))",
        ),
        (
            i92,
            8,
            "(\"%\" (cast<int32> ?x0) (cast<int32> ?x1))",
        ),
        (
            i98,
            9,
            "(<= (cast<int32> ?x0) ?x1)",
        ),
        (
            i112,
            12,
            "(get ?x0 (cast<int32x64> (call[ramp] (cast<int32> (+ (cast<int32> ?x1) (cast<int32> ?x2))) (cast<int32> 1) (cast<int32> 64))))",
        ),
        (
            i85,
            18,
            "(/ ?x0 ?x1)",
        ),
        (
            i0,
            27,
            "(neg (cast<int32> ?x0))",
        ),
        (
            i75,
            43,
            "(* (cast<int32> ?x0) (cast<int32> ?x1))",
        ),
        (
            i62,
            88,
            "(+ ?x0 ?x1)",
        ),
    ],
)
