---
source: tests/common/mod.rs
description: generate isa for gaussian7x7
---
(
    MinimalIsa {
      0: (neg (cast<int32> ?x0))
      127: (+ ?x0 ?x1)
      144: (- ?x0 (cast<int32> ?x1))
      171: (* ?x0 (cast<int32> ?x1))
      178: (/ ?x0 (cast<int32> ?x1))
      180: (== (cast<int32> ?#0) (cast<int32> ?#1))
      181: (:: ?#0 ?#1)
      183: (get
             ?x0
             (cast<unknownx128>
               (call[ramp] (cast<unknown> ?x1) (cast<int32> 1) (cast<int32> 128))))
    }
    ,
    [
        (
            i180,
            1,
            "(== (cast<int32> ?#0) (cast<int32> ?#1))",
        ),
        (
            i181,
            2,
            "(:: ?#0 ?#1)",
        ),
        (
            i178,
            16,
            "(/ ?x0 (cast<int32> ?x1))",
        ),
        (
            i144,
            39,
            "(- ?x0 (cast<int32> ?x1))",
        ),
        (
            i0,
            42,
            "(neg (cast<int32> ?x0))",
        ),
        (
            i183,
            56,
            "(get ?x0 (cast<unknownx128> (call[ramp] (cast<unknown> ?x1) (cast<int32> 1) (cast<int32> 128))))",
        ),
        (
            i171,
            161,
            "(* ?x0 (cast<int32> ?x1))",
        ),
        (
            i127,
            227,
            "(+ ?x0 ?x1)",
        ),
    ],
)
