---
source: tests/common/mod.rs
description: generate isa for l2norm
---
[
    (
        6,
        1,
        "(+ (cast<int32> (* (cast<int32> ?x0) (cast<int32> 128))) (cast<int32> ?x1))",
    ),
    (
        8,
        1,
        "(+ (cast<int32> (* (cast<int32> ?x0) (cast<int32> (+ (cast<int32> ?#4) (cast<int32> ?#5))))) (cast<int32> (- (cast<int32> (- (cast<int32> (+ (cast<int32> (* (cast<int32> (/ (cast<int32> ?#6) (cast<int32> 128))) (cast<int32> 128))) (cast<int32> ?#7))) (cast<int32> (* (cast<int32> ?x1) (cast<int32> ?x0))))) (cast<int32> ?x2))))",
    ),
    (
        9,
        1,
        "(+ (cast<int32> (* (cast<int32> ?x0) (cast<int32> (+ (cast<int32> ?#5) (cast<int32> ?#6))))) (cast<int32> (- (cast<int32> (- (cast<int32> ?x1) (cast<int32> (* (cast<int32> ?x2) (cast<int32> ?x0))))) (cast<int32> ?x3))))",
    ),
    (
        13,
        1,
        "(+ (cast<int32> (* (cast<int32> ?x0) (cast<int32> ?x1))) (cast<int32> ?x2))",
    ),
    (
        22,
        1,
        "(- (cast<int32> (- (cast<int32> (+ (cast<int32> (* (cast<int32> (/ (cast<int32> ?#3) (cast<int32> 128))) (cast<int32> 128))) (cast<int32> ?#4))) (cast<int32> (* (cast<int32> ?x0) (cast<int32> ?x1))))) (cast<int32> ?x2))",
    ),
    (
        28,
        1,
        "(- ?x0 (cast<int16> (call[int16] ?x1)))",
    ),
    (
        32,
        1,
        "(* (cast<int32> (call[int32] (cast<int16> ?x0))) (cast<int32> ?x1))",
    ),
    (
        35,
        1,
        "(* (cast<int32> ?x0) (cast<int32> ?x1))",
    ),
    (
        40,
        1,
        "(\"%\" (cast<int32> ?x0) (cast<int32> 128))",
    ),
    (
        41,
        1,
        "(\"%\" (cast<int32> ?x0) (cast<int32> ?x1))",
    ),
    (
        51,
        1,
        "(get ?#3 (cast<int32x128> (call[ramp] (cast<int32> (+ (cast<int32> (* (cast<int32> ?x0) (cast<int32> ?x1))) (cast<int32> ?x2))) (cast<int32> 1) (cast<int32> 128))))",
    ),
    (
        16,
        2,
        "(+ (cast<int32> ?x0) (cast<int32> (+ (cast<int32> (* (cast<int32> ?x1) (cast<int32> ?x2))) (cast<int32> (- (cast<int32> ?x3) (cast<int32> (* (cast<int32> ?x4) (cast<int32> ?x5))))))))",
    ),
    (
        24,
        2,
        "(- (cast<int32> (* (cast<int32> ?x0) (cast<int32> ?x1))) (cast<int32> (* (cast<int32> ?#2) (cast<int32> ?#3))))",
    ),
    (
        37,
        2,
        "(/ (cast<int32> ?x0) (cast<int32> 128))",
    ),
    (
        38,
        2,
        "(/ (cast<int32> ?x0) (cast<int32> ?x1))",
    ),
    (
        44,
        2,
        "(<= ?#0 ?#1)",
    ),
    (
        45,
        2,
        "(!= (cast<int32> (\"%\" (cast<int32> ?x0) (cast<int32> 128))) (cast<int32> 0))",
    ),
    (
        48,
        2,
        "(get ?x0 (cast<int32> ?x1))",
    ),
    (
        50,
        3,
        "(get ?#2 (cast<int32x128> (call[ramp] (cast<int32> (+ (cast<int32> (* (cast<int32> ?x0) (cast<int32> 128))) (cast<int32> ?x1))) (cast<int32> 1) (cast<int32> 128))))",
    ),
    (
        2,
        4,
        "(+ (cast<int16> (call[rounding_mul_shift_right] (cast<int16> ?x0) (cast<int16> (call[rounding_mul_shift_right] (cast<int16> ?x1) (cast<int16> ?x1) (cast<uint16> 15))) (cast<uint16> 15))) (cast<int16> (+ (cast<int16> (call[rounding_mul_shift_right] (cast<int16> ?x2) (cast<int16> ?x1) (cast<uint16> 15))) (cast<int16> (call[rounding_mul_shift_right] (cast<int16> ?x3) (cast<int16> (call[rounding_mul_shift_right] (cast<int16> (call[rounding_mul_shift_right] (cast<int16> ?x1) (cast<int16> ?x1) (cast<uint16> 15))) (cast<int16> ?x1) (cast<uint16> 15))) (cast<uint16> 15))))))",
    ),
    (
        20,
        4,
        "(- (cast<int32> 0) (cast<int32> ?x0))",
    ),
    (
        30,
        4,
        "(* (cast<int32> (/ (cast<int32> ?x0) (cast<int32> 128))) (cast<int32> 128))",
    ),
    (
        31,
        4,
        "(* (cast<int32> (call[int32] (cast<int16> (- ?x0 (cast<int16> (call[int16] ?x1)))))) (cast<int32> ?x2))",
    ),
    (
        0,
        6,
        "(neg (cast<int32> ?x0))",
    ),
    (
        5,
        6,
        "(+ (cast<int16> ?x0) (cast<int16> ?x1))",
    ),
    (
        47,
        13,
        "(get ?x0 (cast<int32> 0))",
    ),
    (
        18,
        16,
        "(+ (cast<int32> ?x0) (cast<int32> ?x1))",
    ),
]
