---
source: tests/common/mod.rs
description: generate isa for add
---
[
    (
        41,
        1,
        "(if (cast<uint8x128> (get ?x0 (cast<int32x128> (call[ramp] (cast<int32> (+ (cast<int32> (* (cast<int32> ?x1) (cast<int32> (+ (cast<int32> ?#7) (cast<int32> ?#8))))) (cast<int32> (- (cast<int32> (- (cast<int32> (+ (cast<int32> (* (cast<int32> (/ (cast<int32> ?#9) (cast<int32> 128))) (cast<int32> 128))) (cast<int32> ?#10))) (cast<int32> (* (cast<int32> ?x2) (cast<int32> ?x1))))) (cast<int32> ?x3))))) (cast<int32> 1) (cast<int32> 128))))) (cast<bool> (<= ?x4 ?x5)))",
    ),
    (
        3,
        2,
        "(+ (cast<int32> (* (cast<int32> ?x0) (cast<int32> (+ (cast<int32> ?#4) (cast<int32> ?#5))))) (cast<int32> (- (cast<int32> (- (cast<int32> (+ (cast<int32> (* (cast<int32> (/ (cast<int32> ?#6) (cast<int32> 128))) (cast<int32> 128))) (cast<int32> ?#7))) (cast<int32> (* (cast<int32> ?x1) (cast<int32> ?x0))))) (cast<int32> ?x2))))",
    ),
    (
        7,
        2,
        "(+ (cast<int32> (* (cast<int32> ?#3) (cast<int32> 128))) (cast<int32> (+ (cast<int32> (* (cast<int32> ?x0) (cast<int32> (+ (cast<int32> ?#4) (cast<int32> ?#5))))) (cast<int32> (- (cast<int32> ?x1) (cast<int32> ?x2))))))",
    ),
    (
        13,
        2,
        "(+ (cast<int32x128> (call[widening_mul] (cast<int16x128> (- (cast<int16x128> (call[shift_left] (cast<int16x128> (call[int16x128] (cast<uint8x128> ?x0))) (cast<uint16x128> (call[x128] (cast<uint16> 6))))) (cast<int16x128> (call[x128] (cast<int16> (* (cast<int16> (call[int16] (cast<uint8> ?#1))) (cast<int16> 64))))))) (cast<int16x128> (call[x128] (cast<int16> ?#2))))) (cast<int32x128> (call[x128] (cast<int32> (call[widening_mul] (cast<int16> (* (cast<int16> (- (cast<int16> (call[int16] (cast<uint8> (get ?#3 (cast<int32> (* (cast<int32> (+ (cast<int32> ?#4) (cast<int32> (- (cast<int32> ?#5) (cast<int32> ?#6))))) (cast<int32> ?#7))))))) (cast<int16> (call[int16] (cast<uint8> ?#8))))) (cast<int16> 64))) (cast<int16> ?#9))))))",
    ),
    (
        14,
        2,
        "(+ (cast<int32x128> (call[widening_mul] (cast<int16x128> (- (cast<int16x128> (call[shift_left] (cast<int16x128> (call[int16x128] (cast<uint8x128> ?x0))) (cast<uint16x128> (call[x128] (cast<uint16> 6))))) (cast<int16x128> (call[x128] (cast<int16> (* (cast<int16> (call[int16] (cast<uint8> ?#2))) (cast<int16> 64))))))) (cast<int16x128> (call[x128] (cast<int16> ?#3))))) (cast<int32x128> (call[widening_mul] (cast<int16x128> (- (cast<int16x128> (call[shift_left] (cast<int16x128> (call[int16x128] (cast<uint8x128> ?x1))) (cast<uint16x128> (call[x128] (cast<uint16> 6))))) (cast<int16x128> (call[x128] (cast<int16> (* (cast<int16> (call[int16] (cast<uint8> ?#4))) (cast<int16> 64))))))) (cast<int16x128> (call[x128] (cast<int16> ?#5))))))",
    ),
    (
        32,
        2,
        "(* (cast<int32> ?x0) (cast<int32> ?x1))",
    ),
    (
        35,
        2,
        "(\"%\" ?#0 ?#1)",
    ),
    (
        36,
        2,
        "(<= ?x0 ?x1)",
    ),
    (
        37,
        2,
        "(== (cast<int32> ?#1) (cast<int32> ?x0))",
    ),
    (
        39,
        2,
        "(!= ?#0 ?#1)",
    ),
    (
        40,
        2,
        "(if (cast<uint8x128> (get ?x0 (cast<int32x128> (call[ramp] (cast<int32> (+ (cast<int32> (* (cast<int32> ?x1) (cast<int32> (+ (cast<int32> ?#5) (cast<int32> ?#6))))) (cast<int32> (- (cast<int32> (- (cast<int32> (+ (cast<int32> (* (cast<int32> (/ (cast<int32> ?#7) (cast<int32> 128))) (cast<int32> 128))) (cast<int32> ?#8))) (cast<int32> (* (cast<int32> ?x2) (cast<int32> ?x1))))) (cast<int32> ?x3))))) (cast<int32> 1) (cast<int32> 128))))) (cast<bool> (<= (cast<int32x128> (call[ramp] (cast<int32> (+ (cast<int32> (+ (cast<int32> (* (cast<int32> (/ (cast<int32> ?#9) (cast<int32> 128))) (cast<int32> 128))) (cast<int32> ?#10))) (cast<int32> 1))) (cast<int32> 1) (cast<int32> 128))) (cast<int32x128> (call[x128] (cast<int32> (+ (cast<int32> ?#11) (cast<int32> ?#12))))))))",
    ),
    (
        1,
        3,
        "(+ (cast<int32> (* (cast<int32> ?x0) (cast<int32> 128))) (cast<int32> ?x1))",
    ),
    (
        45,
        3,
        "(get ?x0 (cast<int32x128> (call[ramp] (cast<int32> (+ (cast<int32> (* (cast<int32> ?#5) (cast<int32> 128))) (cast<int32> (+ (cast<int32> (* (cast<int32> ?x1) (cast<int32> (+ (cast<int32> ?#6) (cast<int32> ?#7))))) (cast<int32> (- (cast<int32> (- (cast<int32> ?#8) (cast<int32> (* (cast<int32> ?x2) (cast<int32> ?x1))))) (cast<int32> ?x3))))))) (cast<int32> 1) (cast<int32> 128))))",
    ),
    (
        34,
        5,
        "(/ ?#0 ?#1)",
    ),
    (
        10,
        6,
        "(+ (cast<int32> ?x0) (cast<int32> ?x1))",
    ),
]
